
   PASS  Tests\Unit\ExampleTest
  ✓ that true is true

   PASS  Tests\Feature\AuthTest
  ✓ user can login with correct credentials                              0.15s  
  ✓ user cannot login with incorrect credentials                         0.01s  
  ✓ authenticated user can retrieve profile                              0.01s  
  ✓ authenticated user can logout                                        0.01s  

   FAIL  Tests\Feature\ExampleTest
  ⨯ the application returns a successful response                        0.13s  

   PASS  Tests\Feature\TenancyIsolationTest
  ✓ user a cannot access ticket b                                        0.01s  
  ✓ user a ticket list never includes org b tickets                      0.01s  

   PASS  Tests\Feature\TicketCrudAndThreadTest
  ✓ customer can create ticket                                           0.02s  
  ✓ agent can post public replies and internal notes                     0.02s  
  ✓ customer cannot view internal notes                                  0.01s  
  ────────────────────────────────────────────────────────────────────────────  
   FAILED  Tests\Feature\ExampleTest > the application returns a successful…    
  Expected response status code [200] but received 500.
Failed asserting that 500 is identical to 200.

The following exception occurred during the last request:

InvalidArgumentException: Please provide a valid cache path. in /home/runner/work/forge2-mohdsadique/forge2-mohdsadique/backend/vendor/laravel/framework/src/Illuminate/View/Compilers/Compiler.php:75
Stack trace:
#0 /home/runner/work/forge2-mohdsadique/forge2-mohdsadique/backend/vendor/laravel/framework/src/Illuminate/View/ViewServiceProvider.php(97): Illuminate\View\Compilers\Compiler->__construct()
#1 /home/runner/work/forge2-mohdsadique/forge2-mohdsadique/backend/vendor/laravel/framework/src/Illuminate/Container/Container.php(1115): Illuminate\View\ViewServiceProvider->Illuminate\View\{closure}()
#2 /home/runner/work/forge2-mohdsadique/forge2-mohdsadique/backend/vendor/laravel/framework/src/Illuminate/Container/Container.php(933): Illuminate\Container\Container->build()
#3 /home/runner/work/forge2-mohdsadique/forge2-mohdsadique/backend/vendor/laravel/framework/src/Illuminate/Foundation/Application.php(1078): Illuminate\Container\Container->resolve()
#4 /home/runner/work/forge2-mohdsadique/forge2-mohdsadique/backend/vendor/laravel/framework/src/Illuminate/Container/Container.php(864): Illuminate\Foundation\Application->resolve()
#5 /home/runner/work/forge2-mohdsadique/forge2-mohdsadique/backend/vendor/laravel/framework/src/Illuminate/Foundation/Application.php(1058): Illuminate\Container\Container->make()
#6 /home/runner/work/forge2-mohdsadique/forge2-mohdsadique/backend/vendor/laravel/framework/src/Illuminate/View/ViewServiceProvider.php(169): Illuminate\Foundation\Application->make()
#7 [internal function]: Illuminate\View\ViewServiceProvider->Illuminate\View\{closure}()
#8 /home/runner/work/forge2-mohdsadique/forge2-mohdsadique/backend/vendor/laravel/framework/src/Illuminate/View/Engines/EngineResolver.php(55): call_user_func()
#9 /home/runner/work/forge2-mohdsadique/forge2-mohdsadique/backend/vendor/laravel/framework/src/Illuminate/View/Factory.php(325): Illuminate\View\Engines\EngineResolver->resolve()
#10 /home/runner/work/forge2-mohdsadique/forge2-mohdsadique/backend/vendor/laravel/framework/src/Illuminate/View/Factory.php(287): Illuminate\View\Factory->getEngineFromPath()
#11 /home/runner/work/forge2-mohdsadique/forge2-mohdsadique/backend/vendor/laravel/framework/src/Illuminate/View/Factory.php(159): Illuminate\View\Factory->viewInstance()
#12 /home/runner/work/forge2-mohdsadique/forge2-mohdsadique/backend/vendor/laravel/framework/src/Illuminate/Foundation/helpers.php(1100): Illuminate\View\Factory->make()
#13 /home/runner/work/forge2-mohdsadique/forge2-mohdsadique/backend/routes/web.php(6): view()
#14 /home/runner/work/forge2-mohdsadique/forge2-mohdsadique/backend/vendor/laravel/framework/src/Illuminate/Routing/CallableDispatcher.php(39): Illuminate\Routing\RouteFileRegistrar->{closure}()
#15 /home/runner/work/forge2-mohdsadique/forge2-mohdsadique/backend/vendor/laravel/framework/src/Illuminate/Routing/Route.php(243): Illuminate\Routing\CallableDispatcher->dispatch()
#16 /home/runner/work/forge2-mohdsadique/forge2-mohdsadique/backend/vendor/laravel/framework/src/Illuminate/Routing/Route.php(214): Illuminate\Routing\Route->runCallable()
#17 /home/runner/work/forge2-mohdsadique/forge2-mohdsadique/backend/vendor/laravel/framework/src/Illuminate/Routing/Router.php(822): Illuminate\Routing\Route->run()
#18 /home/runner/work/forge2-mohdsadique/forge2-mohdsadique/backend/vendor/laravel/framework/src/Illuminate/Pipeline/Pipeline.php(180): Illuminate\Routing\Router->Illuminate\Routing\{closure}()
#19 /home/runner/work/forge2-mohdsadique/forge2-mohdsadique/backend/vendor/laravel/framework/src/Illuminate/Routing/Middleware/SubstituteBindings.php(50): Illuminate\Pipeline\Pipeline->Illuminate\Pipeline\{closure}()
#20 /home/runner/work/forge2-mohdsadique/forge2-mohdsadique/backend/vendor/laravel/framework/src/Illuminate/Pipeline/Pipeline.php(219): Illuminate\Routing\Middleware\SubstituteBindings->handle()
#21 /home/runner/work/forge2-mohdsadique/forge2-mohdsadique/backend/vendor/laravel/framework/src/Illuminate/Foundation/Http/Middleware/VerifyCsrfToken.php(87): Illuminate\Pipeline\Pipeline->Illuminate\Pipeline\{closure}()
#22 /home/runner/work/forge2-mohdsadique/forge2-mohdsadique/backend/vendor/laravel/framework/src/Illuminate/Pipeline/Pipeline.php(219): Illuminate\Foundation\Http\Middleware\VerifyCsrfToken->handle()
#23 /home/runner/work/forge2-mohdsadique/forge2-mohdsadique/backend/vendor/laravel/framework/src/Illuminate/View/Middleware/ShareErrorsFromSession.php(48): Illuminate\Pipeline\Pipeline->Illuminate\Pipeline\{closure}()
#24 /home/runner/work/forge2-mohdsadique/forge2-mohdsadique/backend/vendor/laravel/framework/src/Illuminate/Pipeline/Pipeline.php(219): Illuminate\View\Middleware\ShareErrorsFromSession->handle()
#25 /home/runner/work/forge2-mohdsadique/forge2-mohdsadique/backend/vendor/laravel/framework/src/Illuminate/Session/Middleware/StartSession.php(120): Illuminate\Pipeline\Pipeline->Illuminate\Pipeline\{closure}()
#26 /home/runner/work/forge2-mohdsadique/forge2-mohdsadique/backend/vendor/laravel/framework/src/Illuminate/Session/Middleware/StartSession.php(63): Illuminate\Session\Middleware\StartSession->handleStatefulRequest()
#27 /home/runner/work/forge2-mohdsadique/forge2-mohdsadique/backend/vendor/laravel/framework/src/Illuminate/Pipeline/Pipeline.php(219): Illuminate\Session\Middleware\StartSession->handle()
#28 /home/runner/work/forge2-mohdsadique/forge2-mohdsadique/backend/vendor/laravel/framework/src/Illuminate/Cookie/Middleware/AddQueuedCookiesToResponse.php(36): Illuminate\Pipeline\Pipeline->Illuminate\Pipeline\{closure}()
#29 /home/runner/work/forge2-mohdsadique/forge2-mohdsadique/backend/vendor/laravel/framework/src/Illuminate/Pipeline/Pipeline.php(219): Illuminate\Cookie\Middleware\AddQueuedCookiesToResponse->handle()
#30 /home/runner/work/forge2-mohdsadique/forge2-mohdsadique/backend/vendor/laravel/framework/src/Illuminate/Cookie/Middleware/EncryptCookies.php(74): Illuminate\Pipeline\Pipeline->Illuminate\Pipeline\{closure}()
#31 /home/runner/work/forge2-mohdsadique/forge2-mohdsadique/backend/vendor/laravel/framework/src/Illuminate/Pipeline/Pipeline.php(219): Illuminate\Cookie\Middleware\EncryptCookies->handle()
#32 /home/runner/work/forge2-mohdsadique/forge2-mohdsadique/backend/vendor/laravel/framework/src/Illuminate/Pipeline/Pipeline.php(137): Illuminate\Pipeline\Pipeline->Illuminate\Pipeline\{closure}()
#33 /home/runner/work/forge2-mohdsadique/forge2-mohdsadique/backend/vendor/laravel/framework/src/Illuminate/Routing/Router.php(821): Illuminate\Pipeline\Pipeline->then()
#34 /home/runner/work/forge2-mohdsadique/forge2-mohdsadique/backend/vendor/laravel/framework/src/Illuminate/Routing/Router.php(800): Illuminate\Routing\Router->runRouteWithinStack()
#35 /home/runner/work/forge2-mohdsadique/forge2-mohdsadique/backend/vendor/laravel/framework/src/Illuminate/Routing/Router.php(764): Illuminate\Routing\Router->runRoute()
#36 /home/runner/work/forge2-mohdsadique/forge2-mohdsadique/backend/vendor/laravel/framework/src/Illuminate/Routing/Router.php(753): Illuminate\Routing\Router->dispatchToRoute()
#37 /home/runner/work/forge2-mohdsadique/forge2-mohdsadique/backend/vendor/laravel/framework/src/Illuminate/Foundation/Http/Kernel.php(200): Illuminate\Routing\Router->dispatch()
#38 /home/runner/work/forge2-mohdsadique/forge2-mohdsadique/backend/vendor/laravel/framework/src/Illuminate/Pipeline/Pipeline.php(180): Illuminate\Foundation\Http\Kernel->Illuminate\Foundation\Http\{closure}()
#39 /home/runner/work/forge2-mohdsadique/forge2-mohdsadique/backend/vendor/laravel/framework/src/Illuminate/Foundation/Http/Middleware/TransformsRequest.php(21): Illuminate\Pipeline\Pipeline->Illuminate\Pipeline\{closure}()
#40 /home/runner/work/forge2-mohdsadique/forge2-mohdsadique/backend/vendor/laravel/framework/src/Illuminate/Foundation/Http/Middleware/ConvertEmptyStringsToNull.php(31): Illuminate\Foundation\Http\Middleware\TransformsRequest->handle()
#41 /home/runner/work/forge2-mohdsadique/forge2-mohdsadique/backend/vendor/laravel/framework/src/Illuminate/Pipeline/Pipeline.php(219): Illuminate\Foundation\Http\Middleware\ConvertEmptyStringsToNull->handle()
#42 /home/runner/work/forge2-mohdsadique/forge2-mohdsadique/backend/vendor/laravel/framework/src/Illuminate/Foundation/Http/Middleware/TransformsRequest.php(21): Illuminate\Pipeline\Pipeline->Illuminate\Pipeline\{closure}()
#43 /home/runner/work/forge2-mohdsadique/forge2-mohdsadique/backend/vendor/laravel/framework/src/Illuminate/Foundation/Http/Middleware/TrimStrings.php(51): Illuminate\Foundation\Http\Middleware\TransformsRequest->handle()
#44 /home/runner/work/forge2-mohdsadique/forge2-mohdsadique/backend/vendor/laravel/framework/src/Illuminate/Pipeline/Pipeline.php(219): Illuminate\Foundation\Http\Middleware\TrimStrings->handle()
#45 /home/runner/work/forge2-mohdsadique/forge2-mohdsadique/backend/vendor/laravel/framework/src/Illuminate/Http/Middleware/ValidatePostSize.php(27): Illuminate\Pipeline\Pipeline->Illuminate\Pipeline\{closure}()
#46 /home/runner/work/forge2-mohdsadique/forge2-mohdsadique/backend/vendor/laravel/framework/src/Illuminate/Pipeline/Pipeline.php(219): Illuminate\Http\Middleware\ValidatePostSize->handle()
#47 /home/runner/work/forge2-mohdsadique/forge2-mohdsadique/backend/vendor/laravel/framework/src/Illuminate/Foundation/Http/Middleware/PreventRequestsDuringMaintenance.php(109): Illuminate\Pipeline\Pipeline->Illuminate\Pipeline\{closure}()
#48 /home/runner/work/forge2-mohdsadique/forge2-mohdsadique/backend/vendor/laravel/framework/src/Illuminate/Pipeline/Pipeline.php(219): Illuminate\Foundation\Http\Middleware\PreventRequestsDuringMaintenance->handle()
#49 /home/runner/work/forge2-mohdsadique/forge2-mohdsadique/backend/vendor/laravel/framework/src/Illuminate/Http/Middleware/HandleCors.php(61): Illuminate\Pipeline\Pipeline->Illuminate\Pipeline\{closure}()
#50 /home/runner/work/forge2-mohdsadique/forge2-mohdsadique/backend/vendor/laravel/framework/src/Illuminate/Pipeline/Pipeline.php(219): Illuminate\Http\Middleware\HandleCors->handle()
#51 /home/runner/work/forge2-mohdsadique/forge2-mohdsadique/backend/vendor/laravel/framework/src/Illuminate/Http/Middleware/TrustProxies.php(58): Illuminate\Pipeline\Pipeline->Illuminate\Pipeline\{closure}()
#52 /home/runner/work/forge2-mohdsadique/forge2-mohdsadique/backend/vendor/laravel/framework/src/Illuminate/Pipeline/Pipeline.php(219): Illuminate\Http\Middleware\TrustProxies->handle()
#53 /home/runner/work/forge2-mohdsadique/forge2-mohdsadique/backend/vendor/laravel/framework/src/Illuminate/Foundation/Http/Middleware/InvokeDeferredCallbacks.php(22): Illuminate\Pipeline\Pipeline->Illuminate\Pipeline\{closure}()
#54 /home/runner/work/forge2-mohdsadique/forge2-mohdsadique/backend/vendor/laravel/framework/src/Illuminate/Pipeline/Pipeline.php(219): Illuminate\Foundation\Http\Middleware\InvokeDeferredCallbacks->handle()
#55 /home/runner/work/forge2-mohdsadique/forge2-mohdsadique/backend/vendor/laravel/framework/src/Illuminate/Http/Middleware/ValidatePathEncoding.php(26): Illuminate\Pipeline\Pipeline->Illuminate\Pipeline\{closure}()
#56 /home/runner/work/forge2-mohdsadique/forge2-mohdsadique/backend/vendor/laravel/framework/src/Illuminate/Pipeline/Pipeline.php(219): Illuminate\Http\Middleware\ValidatePathEncoding->handle()
#57 /home/runner/work/forge2-mohdsadique/forge2-mohdsadique/backend/vendor/laravel/framework/src/Illuminate/Pipeline/Pipeline.php(137): Illuminate\Pipeline\Pipeline->Illuminate\Pipeline\{closure}()
#58 /home/runner/work/forge2-mohdsadique/forge2-mohdsadique/backend/vendor/laravel/framework/src/Illuminate/Foundation/Http/Kernel.php(175): Illuminate\Pipeline\Pipeline->then()
#59 /home/runner/work/forge2-mohdsadique/forge2-mohdsadique/backend/vendor/laravel/framework/src/Illuminate/Foundation/Http/Kernel.php(144): Illuminate\Foundation\Http\Kernel->sendRequestThroughRouter()
#60 /home/runner/work/forge2-mohdsadique/forge2-mohdsadique/backend/vendor/laravel/framework/src/Illuminate/Foundation/Testing/Concerns/MakesHttpRequests.php(607): Illuminate\Foundation\Http\Kernel->handle()
#61 /home/runner/work/forge2-mohdsadique/forge2-mohdsadique/backend/vendor/laravel/framework/src/Illuminate/Foundation/Testing/Concerns/MakesHttpRequests.php(368): Illuminate\Foundation\Testing\TestCase->call()
#62 /home/runner/work/forge2-mohdsadique/forge2-mohdsadique/backend/tests/Feature/ExampleTest.php(15): Illuminate\Foundation\Testing\TestCase->get()
#63 /home/runner/work/forge2-mohdsadique/forge2-mohdsadique/backend/vendor/phpunit/phpunit/src/Framework/TestCase.php(1667): Tests\Feature\ExampleTest->test_the_application_returns_a_successful_response()
#64 /home/runner/work/forge2-mohdsadique/forge2-mohdsadique/backend/vendor/phpunit/phpunit/src/Framework/TestCase.php(519): PHPUnit\Framework\TestCase->runTest()
#65 /home/runner/work/forge2-mohdsadique/forge2-mohdsadique/backend/vendor/phpunit/phpunit/src/Framework/TestRunner/TestRunner.php(87): PHPUnit\Framework\TestCase->runBare()
#66 /home/runner/work/forge2-mohdsadique/forge2-mohdsadique/backend/vendor/phpunit/phpunit/src/Framework/TestCase.php(365): PHPUnit\Framework\TestRunner->run()
#67 /home/runner/work/forge2-mohdsadique/forge2-mohdsadique/backend/vendor/phpunit/phpunit/src/Framework/TestSuite.php(369): PHPUnit\Framework\TestCase->run()
#68 /home/runner/work/forge2-mohdsadique/forge2-mohdsadique/backend/vendor/phpunit/phpunit/src/Framework/TestSuite.php(369): PHPUnit\Framework\TestSuite->run()
#69 /home/runner/work/forge2-mohdsadique/forge2-mohdsadique/backend/vendor/phpunit/phpunit/src/Framework/TestSuite.php(369): PHPUnit\Framework\TestSuite->run()
#70 /home/runner/work/forge2-mohdsadique/forge2-mohdsadique/backend/vendor/phpunit/phpunit/src/TextUI/TestRunner.php(64): PHPUnit\Framework\TestSuite->run()
#71 /home/runner/work/forge2-mohdsadique/forge2-mohdsadique/backend/vendor/phpunit/phpunit/src/TextUI/Application.php(211): PHPUnit\TextUI\TestRunner->run()
#72 /home/runner/work/forge2-mohdsadique/forge2-mohdsadique/backend/vendor/pestphp/pest/src/Kernel.php(103): PHPUnit\TextUI\Application->run()
#73 /home/runner/work/forge2-mohdsadique/forge2-mohdsadique/backend/vendor/pestphp/pest/bin/pest(184): Pest\Kernel->handle()
#74 /home/runner/work/forge2-mohdsadique/forge2-mohdsadique/backend/vendor/pestphp/pest/bin/pest(192): {closure}()
#75 /home/runner/work/forge2-mohdsadique/forge2-mohdsadique/backend/vendor/bin/pest(119): include('...')
#76 {main}

----------------------------------------------------------------------------------

Please provide a valid cache path.

  at tests/Feature/ExampleTest.php:17
     13▕     public function test_the_application_returns_a_successful_response(): void
     14▕     {
     15▕         $response = $this->get('/');
     16▕ 
  ➜  17▕         $response->assertStatus(200);
     18▕     }
     19▕ }
     20▕


  Tests:    1 failed, 10 passed (38 assertions)
  Duration: 0.46s

